// Jest Snapshot v1, https://goo.gl/fbAQLP

exports[`Supporters renders correctly 1`] = `[Function]`;
