// Jest Snapshot v1, https://goo.gl/fbAQLP

exports[`Contact should renders correctly 1`] = `[Function]`;
