// Jest Snapshot v1, https://goo.gl/fbAQLP

exports[`textarea renders correctly 1`] = `[Function]`;
