// Jest Snapshot v1, https://goo.gl/fbAQLP

exports[`Headline renders correctly 1`] = `[Function]`;

exports[`Headline renders h1 correctly 1`] = `[Function]`;
