// Jest Snapshot v1, https://goo.gl/fbAQLP

exports[`OurHistory renders correctly 1`] = `[Function]`;
