// Jest Snapshot v1, https://goo.gl/fbAQLP

exports[`Volunteers should renders correctly 1`] = `[Function]`;
