// Jest Snapshot v1, https://goo.gl/fbAQLP

exports[`ContactForm renders correctly 1`] = `[Function]`;
