// Jest Snapshot v1, https://goo.gl/fbAQLP

exports[`SocialContactSection renders correctly 1`] = `[Function]`;
