// Jest Snapshot v1, https://goo.gl/fbAQLP

exports[`HeaderAnchors renders correctly 1`] = `[Function]`;
