// Jest Snapshot v1, https://goo.gl/fbAQLP

exports[`Contribute renders correctly 1`] = `[Function]`;
