// Jest Snapshot v1, https://goo.gl/fbAQLP

exports[`SearchResultItem renders correctly 1`] = `[Function]`;
