// Jest Snapshot v1, https://goo.gl/fbAQLP

exports[`Tag renders correctly 1`] = `
<DocumentFragment>
  <div
    class="bg-[#f8f9fa] py-xs px-sm inline-block"
  >
    <p
      class="text-xs text-[#656f78]"
    >
      Tag
    </p>
  </div>
</DocumentFragment>
`;
