// Jest Snapshot v1, https://goo.gl/fbAQLP

exports[`Header renders correctly 1`] = `[Function]`;

exports[`Header should render desktop menu correctly 1`] = `[Function]`;
