// Jest Snapshot v1, https://goo.gl/fbAQLP

exports[`HeaderMobile renders correctly 1`] = `[Function]`;
