// Jest Snapshot v1, https://goo.gl/fbAQLP

exports[`IconButton renders correctly 1`] = `[Function]`;
