// Jest Snapshot v1, https://goo.gl/fbAQLP

exports[`Neighborhood should renders correctly 1`] = `[Function]`;
