// Jest Snapshot v1, https://goo.gl/fbAQLP

exports[`<SocialContactButtons /> renders correctly all the buttons 1`] = `
<DocumentFragment>
  <div
    class="grid grid-flow-col grid-cols-2 grid-rows-2 auto-cols-auto mt-md gap-md self-center tablet:self-start"
  >
    <button
      class="bg-blue-100 h-xl px-sm  rounded flex items-center w-4xl justify-center space-x-sm pa-md"
      data-testid="twitter-button"
      data-url="https://twitter.com/DadosDeFeira"
      type="button"
    >
      <img
        alt="Twitter"
        data-nimg="1"
        decoding="async"
        height="40"
        loading="lazy"
        src="/_next/image?url=%2Fimg.jpg&w=96&q=75"
        srcset="/_next/image?url=%2Fimg.jpg&w=48&q=75 1x, /_next/image?url=%2Fimg.jpg&w=96&q=75 2x"
        style="color: transparent;"
        width="40"
      />
      <span
        class="text-primary-dark text-sm"
      >
        Twitter
      </span>
    </button>
    <button
      class="bg-blue-100 h-xl px-sm rounded flex items-center w-4xl justify-center space-x-sm pa-md "
      data-testid="facebook-button"
      data-url="https://www.facebook.com/dadosabertosdefeira"
      type="button"
    >
      <img
        alt="Facebook"
        data-nimg="1"
        decoding="async"
        height="40"
        loading="lazy"
        src="/_next/image?url=%2Fimg.jpg&w=96&q=75"
        srcset="/_next/image?url=%2Fimg.jpg&w=48&q=75 1x, /_next/image?url=%2Fimg.jpg&w=96&q=75 2x"
        style="color: transparent;"
        width="40"
      />
      <span
        class="text-primary-dark text-sm"
      >
        Facebook
      </span>
    </button>
    <button
      class="bg-blue-100 h-xl px-sm rounded flex items-center w-4xl justify-center space-x-sm pa-md "
      data-testid="instagram-button"
      data-url="https://www.instagram.com/dadosabertosdefeira/"
      type="button"
    >
      <img
        alt="Instagram"
        data-nimg="1"
        decoding="async"
        height="40"
        loading="lazy"
        src="/_next/image?url=%2Fimg.jpg&w=96&q=75"
        srcset="/_next/image?url=%2Fimg.jpg&w=48&q=75 1x, /_next/image?url=%2Fimg.jpg&w=96&q=75 2x"
        style="color: transparent;"
        width="40"
      />
      <span
        class="text-primary-dark text-sm"
      >
        Instagram
      </span>
    </button>
    <button
      class="bg-blue-100 h-xl px-sm rounded flex items-center w-4xl justify-center space-x-sm pa-md "
      data-testid="github-button"
      data-url="https://github.com/DadosAbertosDeFeira"
      type="button"
    >
      <img
        alt="Github"
        data-nimg="1"
        decoding="async"
        height="40"
        loading="lazy"
        src="/_next/image?url=%2Fimg.jpg&w=96&q=75"
        srcset="/_next/image?url=%2Fimg.jpg&w=48&q=75 1x, /_next/image?url=%2Fimg.jpg&w=96&q=75 2x"
        style="color: transparent;"
        width="40"
      />
      <span
        class="text-primary-dark text-sm"
      >
        Github
      </span>
    </button>
  </div>
</DocumentFragment>
`;
